
[1m==> 1/6 检查环境与依赖（缺失或版本不对的，先装好再继续）[0m
[32m[信息][0m 发行版  ：Rocky Linux 8.9 (Green Obsidian)（RHEL 系（dnf/rpm））
[32m[信息][0m 目标架构：x86_64    libc：glibc 2.28
[33m[注意][0m 检测到缺少以下依赖（发行版：RHEL 系（dnf/rpm））：
[33m[注意][0m   · 命令 python3 —— 运行与打包
[33m[注意][0m   · python3 模块 tkinter —— 图形界面
[33m[注意][0m   · python3 模块 venv —— 创建构建虚拟环境
[33m[注意][0m   · 命令 file —— 校验产物
[33m[注意][0m   · 命令 find —— 统计依赖库数量（find）
[33m[注意][0m   · 命令 xargs —— 批量处理文件列表
[33m[注意][0m   · 命令 xz —— tar.xz 压缩（产物用这个，省 30-40%）
[33m[注意][0m 将安装：file findutils python3 python3-libs python3-tkinter xz
[32m[信息][0m 正在安装：file findutils python3 python3-libs python3-tkinter xz
Rocky Linux 8 - AppStream                        18 MB/s |  34 MB     00:01    
Rocky Linux 8 - BaseOS                           15 MB/s |  87 MB     00:05    
Rocky Linux 8 - Extras                           21 kB/s |  15 kB     00:00    
Dependencies resolved.
================================================================================
 Package           Architecture   Version                  Repository      Size
================================================================================
Installing:
 file              x86_64         5.33-27.el8_10           baseos          77 k
Upgrading:
 file-libs         x86_64         5.33-27.el8_10           baseos         543 k

Transaction Summary
================================================================================
Install  1 Package
Upgrade  1 Package

Total download size: 620 k
Downloading Packages:
(1/2): file-5.33-27.el8_10.x86_64.rpm           164 kB/s |  77 kB     00:00    
(2/2): file-libs-5.33-27.el8_10.x86_64.rpm      739 kB/s | 543 kB     00:00    
--------------------------------------------------------------------------------
Total                                           735 kB/s | 620 kB     00:00     
Rocky Linux 8 - BaseOS                          1.6 MB/s | 1.6 kB     00:00    
Importing GPG key 0x6D745A60:
 Userid     : "Release Engineering <infrastructure@rockylinux.org>"
 Fingerprint: 7051 C470 A929 F454 CEBE 37B7 15AF 5DAC 6D74 5A60
 From       : /etc/pki/rpm-gpg/RPM-GPG-KEY-rockyofficial
Key imported successfully
Running transaction check
Transaction check succeeded.
Running transaction test
Transaction test succeeded.
Running transaction
  Preparing        :                                                        1/1 
  Upgrading        : file-libs-5.33-27.el8_10.x86_64                        1/3 
  Installing       : file-5.33-27.el8_10.x86_64                             2/3 
  Cleanup          : file-libs-5.33-25.el8.x86_64                           3/3 
  Running scriptlet: file-libs-5.33-25.el8.x86_64                           3/3 
  Verifying        : file-5.33-27.el8_10.x86_64                             1/3 
  Verifying        : file-libs-5.33-27.el8_10.x86_64                        2/3 
  Verifying        : file-libs-5.33-25.el8.x86_64                           3/3 

Upgraded:
  file-libs-5.33-27.el8_10.x86_64                                               
Installed:
  file-5.33-27.el8_10.x86_64                                                    

Complete!
Last metadata expiration check: 0:00:03 ago on Thu Oct  8 13:54:15 2026.
Dependencies resolved.
================================================================================
 Package          Architecture  Version                     Repository     Size
================================================================================
Installing:
 findutils        x86_64        1:4.6.0-24.el8_10           baseos        526 k

Transaction Summary
================================================================================
Install  1 Package

Total download size: 526 k
Installed size: 1.7 M
Downloading Packages:
findutils-4.6.0-24.el8_10.x86_64.rpm            710 kB/s | 526 kB     00:00    
--------------------------------------------------------------------------------
Total                                           633 kB/s | 526 kB     00:00     
Running transaction check
Transaction check succeeded.
Running transaction test
Transaction test succeeded.
Running transaction
  Preparing        :                                                        1/1 
  Installing       : findutils-1:4.6.0-24.el8_10.x86_64                     1/1 
  Running scriptlet: findutils-1:4.6.0-24.el8_10.x86_64                     1/1 
  Verifying        : findutils-1:4.6.0-24.el8_10.x86_64                     1/1 

Installed:
  findutils-1:4.6.0-24.el8_10.x86_64                                            

Complete!
Last metadata expiration check: 0:00:06 ago on Thu Oct  8 13:54:15 2026.
Dependencies resolved.
======================================================================================
 Package               Arch    Version                                Repo        Size
======================================================================================
Installing:
 python36              x86_64  3.6.8-39.module+el8.10.0+1910+234ad790 appstream   18 k
Installing dependencies:
 platform-python-pip   noarch  9.0.3-24.el8.rocky.0                   baseos     1.6 M
 python3-pip           noarch  9.0.3-24.el8.rocky.0                   appstream   20 k
 python3-setuptools    noarch  39.2.0-7.el8                           baseos     162 k
Enabling module streams:
 python36                      3.6                                                    

Transaction Summary
======================================================================================
Install  4 Packages

Total download size: 1.8 M
Installed size: 7.1 M
Downloading Packages:
(1/4): python3-pip-9.0.3-24.el8.rocky.0.noarch.  58 kB/s |  20 kB     00:00    
(2/4): python36-3.6.8-39.module+el8.10.0+1910+2  51 kB/s |  18 kB     00:00    
(3/4): python3-setuptools-39.2.0-7.el8.noarch.r 665 kB/s | 162 kB     00:00    
(4/4): platform-python-pip-9.0.3-24.el8.rocky.0 2.4 MB/s | 1.6 MB     00:00    
--------------------------------------------------------------------------------
Total                                           2.1 MB/s | 1.8 MB     00:00     
Running transaction check
Transaction check succeeded.
Running transaction test
Transaction test succeeded.
Running transaction
  Preparing        :                                                        1/1 
  Installing       : python3-setuptools-39.2.0-7.el8.noarch                 1/4 
  Installing       : platform-python-pip-9.0.3-24.el8.rocky.0.noarch        2/4 
  Installing       : python36-3.6.8-39.module+el8.10.0+1910+234ad790.x86_   3/4 
  Running scriptlet: python36-3.6.8-39.module+el8.10.0+1910+234ad790.x86_   3/4 
  Installing       : python3-pip-9.0.3-24.el8.rocky.0.noarch                4/4 
  Running scriptlet: python3-pip-9.0.3-24.el8.rocky.0.noarch                4/4 
  Verifying        : python3-pip-9.0.3-24.el8.rocky.0.noarch                1/4 
  Verifying        : python36-3.6.8-39.module+el8.10.0+1910+234ad790.x86_   2/4 
  Verifying        : platform-python-pip-9.0.3-24.el8.rocky.0.noarch        3/4 
  Verifying        : python3-setuptools-39.2.0-7.el8.noarch                 4/4 

Installed:
  platform-python-pip-9.0.3-24.el8.rocky.0.noarch                               
  python3-pip-9.0.3-24.el8.rocky.0.noarch                                       
  python3-setuptools-39.2.0-7.el8.noarch                                        
  python36-3.6.8-39.module+el8.10.0+1910+234ad790.x86_64                        

Complete!
Last metadata expiration check: 0:00:08 ago on Thu Oct  8 13:54:15 2026.
Dependencies resolved.
================================================================================
 Package                   Arch     Version                   Repository   Size
================================================================================
Installing:
 python3-tkinter           x86_64   3.6.8-78.el8_10.rocky.0   appstream   376 k
Upgrading:
 platform-python           x86_64   3.6.8-78.el8_10.rocky.0   baseos       89 k
 python3-libs              x86_64   3.6.8-78.el8_10.rocky.0   baseos      7.8 M
Installing dependencies:
 dejavu-fonts-common       noarch   2.35-7.el8                baseos       73 k
 dejavu-sans-fonts         noarch   2.35-7.el8                baseos      1.5 M
 fontconfig                x86_64   2.13.1-4.el8              baseos      273 k
 fontpackages-filesystem   noarch   1.44-22.el8               baseos       15 k
 freetype                  x86_64   2.9.1-10.el8_10           baseos      393 k
 libX11                    x86_64   1.6.8-9.el8_10            appstream   611 k
 libX11-common             noarch   1.6.8-9.el8_10            appstream   157 k
 libXau                    x86_64   1.0.9-3.el8               appstream    36 k
 libXft                    x86_64   2.3.3-1.el8               appstream    66 k
 libXrender                x86_64   0.9.10-7.el8              appstream    32 k
 libpng                    x86_64   2:1.6.34-11.el8_10        baseos      127 k
 libxcb                    x86_64   1.13.1-1.el8              appstream   228 k
 tcl                       x86_64   1:8.6.8-2.el8             baseos      1.1 M
 tk                        x86_64   1:8.6.8-1.el8             appstream   1.6 M

Transaction Summary
================================================================================
Install  15 Packages
Upgrade   2 Packages

Total download size: 14 M
Downloading Packages:
(1/17): libXau-1.0.9-3.el8.x86_64.rpm           104 kB/s |  36 kB     00:00    
(2/17): libX11-common-1.6.8-9.el8_10.noarch.rpm 321 kB/s | 157 kB     00:00    
(3/17): libXft-2.3.3-1.el8.x86_64.rpm           435 kB/s |  66 kB     00:00    
(4/17): libXrender-0.9.10-7.el8.x86_64.rpm      379 kB/s |  32 kB     00:00    
(5/17): libX11-1.6.8-9.el8_10.x86_64.rpm        861 kB/s | 611 kB     00:00    
(6/17): libxcb-1.13.1-1.el8.x86_64.rpm          1.0 MB/s | 228 kB     00:00    
(7/17): python3-tkinter-3.6.8-78.el8_10.rocky.0 1.6 MB/s | 376 kB     00:00    
(8/17): dejavu-fonts-common-2.35-7.el8.noarch.r 218 kB/s |  73 kB     00:00    
(9/17): tk-8.6.8-1.el8.x86_64.rpm               4.4 MB/s | 1.6 MB     00:00    
(10/17): fontconfig-2.13.1-4.el8.x86_64.rpm     1.8 MB/s | 273 kB     00:00    
(11/17): fontpackages-filesystem-1.44-22.el8.no 100 kB/s |  15 kB     00:00    
(12/17): freetype-2.9.1-10.el8_10.x86_64.rpm    2.6 MB/s | 393 kB     00:00    
(13/17): libpng-1.6.34-11.el8_10.x86_64.rpm     864 kB/s | 127 kB     00:00    
(14/17): dejavu-sans-fonts-2.35-7.el8.noarch.rp 2.3 MB/s | 1.5 MB     00:00    
(15/17): platform-python-3.6.8-78.el8_10.rocky. 904 kB/s |  89 kB     00:00    
(16/17): tcl-8.6.8-2.el8.x86_64.rpm             5.5 MB/s | 1.1 MB     00:00    
(17/17): python3-libs-3.6.8-78.el8_10.rocky.0.x  22 MB/s | 7.8 MB     00:00    
--------------------------------------------------------------------------------
Total                                           5.9 MB/s |  14 MB     00:02     
Running transaction check
Transaction check succeeded.
Running transaction test
Transaction test succeeded.
Running transaction
  Preparing        :                                                        1/1 
  Upgrading        : python3-libs-3.6.8-78.el8_10.rocky.0.x86_64           1/19 
  Upgrading        : platform-python-3.6.8-78.el8_10.rocky.0.x86_64        2/19 
  Running scriptlet: platform-python-3.6.8-78.el8_10.rocky.0.x86_64        2/19 
  Installing       : tcl-1:8.6.8-2.el8.x86_64                              3/19 
  Running scriptlet: tcl-1:8.6.8-2.el8.x86_64                              3/19 
  Installing       : fontpackages-filesystem-1.44-22.el8.noarch            4/19 
  Installing       : dejavu-fonts-common-2.35-7.el8.noarch                 5/19 
  Installing       : dejavu-sans-fonts-2.35-7.el8.noarch                   6/19 
  Installing       : libpng-2:1.6.34-11.el8_10.x86_64                      7/19 
  Installing       : freetype-2.9.1-10.el8_10.x86_64                       8/19 
  Installing       : fontconfig-2.13.1-4.el8.x86_64                        9/19 
  Running scriptlet: fontconfig-2.13.1-4.el8.x86_64                        9/19 
  Installing       : libXau-1.0.9-3.el8.x86_64                            10/19 
  Installing       : libxcb-1.13.1-1.el8.x86_64                           11/19 
  Installing       : libX11-common-1.6.8-9.el8_10.noarch                  12/19 
  Installing       : libX11-1.6.8-9.el8_10.x86_64                         13/19 
  Installing       : libXrender-0.9.10-7.el8.x86_64                       14/19 
  Installing       : libXft-2.3.3-1.el8.x86_64                            15/19 
  Running scriptlet: tk-1:8.6.8-1.el8.x86_64                              16/19 
  Installing       : tk-1:8.6.8-1.el8.x86_64                              16/19 
  Running scriptlet: tk-1:8.6.8-1.el8.x86_64                              16/19 
  Installing       : python3-tkinter-3.6.8-78.el8_10.rocky.0.x86_64       17/19 
  Cleanup          : platform-python-3.6.8-56.el8_9.rocky.0.x86_64        18/19 
  Running scriptlet: platform-python-3.6.8-56.el8_9.rocky.0.x86_64        18/19 
  Cleanup          : python3-libs-3.6.8-56.el8_9.rocky.0.x86_64           19/19 
  Running scriptlet: python3-libs-3.6.8-56.el8_9.rocky.0.x86_64           19/19 
  Running scriptlet: fontconfig-2.13.1-4.el8.x86_64                       19/19 
  Verifying        : libX11-1.6.8-9.el8_10.x86_64                          1/19 
  Verifying        : libX11-common-1.6.8-9.el8_10.noarch                   2/19 
  Verifying        : libXau-1.0.9-3.el8.x86_64                             3/19 
  Verifying        : libXft-2.3.3-1.el8.x86_64                             4/19 
  Verifying        : libXrender-0.9.10-7.el8.x86_64                        5/19 
  Verifying        : libxcb-1.13.1-1.el8.x86_64                            6/19 
  Verifying        : python3-tkinter-3.6.8-78.el8_10.rocky.0.x86_64        7/19 
  Verifying        : tk-1:8.6.8-1.el8.x86_64                               8/19 
  Verifying        : dejavu-fonts-common-2.35-7.el8.noarch                 9/19 
  Verifying        : dejavu-sans-fonts-2.35-7.el8.noarch                  10/19 
  Verifying        : fontconfig-2.13.1-4.el8.x86_64                       11/19 
  Verifying        : fontpackages-filesystem-1.44-22.el8.noarch           12/19 
  Verifying        : freetype-2.9.1-10.el8_10.x86_64                      13/19 
  Verifying        : libpng-2:1.6.34-11.el8_10.x86_64                     14/19 
  Verifying        : tcl-1:8.6.8-2.el8.x86_64                             15/19 
  Verifying        : platform-python-3.6.8-78.el8_10.rocky.0.x86_64       16/19 
  Verifying        : platform-python-3.6.8-56.el8_9.rocky.0.x86_64        17/19 
  Verifying        : python3-libs-3.6.8-78.el8_10.rocky.0.x86_64          18/19 
  Verifying        : python3-libs-3.6.8-56.el8_9.rocky.0.x86_64           19/19 

Upgraded:
  platform-python-3.6.8-78.el8_10.rocky.0.x86_64                                
  python3-libs-3.6.8-78.el8_10.rocky.0.x86_64                                   
Installed:
  dejavu-fonts-common-2.35-7.el8.noarch                                         
  dejavu-sans-fonts-2.35-7.el8.noarch                                           
  fontconfig-2.13.1-4.el8.x86_64                                                
  fontpackages-filesystem-1.44-22.el8.noarch                                    
  freetype-2.9.1-10.el8_10.x86_64                                               
  libX11-1.6.8-9.el8_10.x86_64                                                  
  libX11-common-1.6.8-9.el8_10.noarch                                           
  libXau-1.0.9-3.el8.x86_64                                                     
  libXft-2.3.3-1.el8.x86_64                                                     
  libXrender-0.9.10-7.el8.x86_64                                                
  libpng-2:1.6.34-11.el8_10.x86_64                                              
  libxcb-1.13.1-1.el8.x86_64                                                    
  python3-tkinter-3.6.8-78.el8_10.rocky.0.x86_64                                
  tcl-1:8.6.8-2.el8.x86_64                                                      
  tk-1:8.6.8-1.el8.x86_64                                                       

Complete!
Last metadata expiration check: 0:00:15 ago on Thu Oct  8 13:54:15 2026.
Dependencies resolved.
================================================================================
 Package      Architecture     Version                   Repository        Size
================================================================================
Installing:
 xz           x86_64           5.2.4-4.el8_6             baseos           152 k

Transaction Summary
================================================================================
Install  1 Package

Total download size: 152 k
Installed size: 414 k
Downloading Packages:
xz-5.2.4-4.el8_6.x86_64.rpm                     290 kB/s | 152 kB     00:00    
--------------------------------------------------------------------------------
Total                                           243 kB/s | 152 kB     00:00     
Running transaction check
Transaction check succeeded.
Running transaction test
Transaction test succeeded.
Running transaction
  Preparing        :                                                        1/1 
  Installing       : xz-5.2.4-4.el8_6.x86_64                                1/1 
  Running scriptlet: xz-5.2.4-4.el8_6.x86_64                                1/1 
  Verifying        : xz-5.2.4-4.el8_6.x86_64                                1/1 

Installed:
  xz-5.2.4-4.el8_6.x86_64                                                       

Complete!
[32m[信息][0m 依赖安装完成
[32m[信息][0m 启用 EPEL（meson / ninja-build / nasm 在里面）…
[32m[信息][0m python3 是 3.6（低于 3.8），找找发行版有没有更新的…
[32m[信息][0m   · 没找到，尝试安装一份…
Rocky Linux 8 - PowerTools                      5.2 MB/s | 6.3 MB     00:01    
Extra Packages for Enterprise Linux 8 - x86_64   43 MB/s |  14 MB     00:00    
Last metadata expiration check: 0:00:02 ago on Thu Oct  8 13:54:38 2026.
Dependencies resolved.
Last metadata expiration check: 0:00:07 ago on Thu Oct  8 13:54:38 2026.
Error: Problems in request:
missing groups or modules: python311
[32m[信息][0m     · dnf install python3.11
Last metadata expiration check: 0:00:09 ago on Thu Oct  8 13:54:38 2026.
Dependencies resolved.
================================================================================
 Package                       Arch     Version               Repository   Size
[32m[信息][0m     · dnf install python3.11-devel
Last metadata expiration check: 0:00:14 ago on Thu Oct  8 13:54:38 2026.
Dependencies resolved.
================================================================================
 Package                 Arch        Version               Repository      Size
[32m[信息][0m     · dnf install python3.11-tkinter
Last metadata expiration check: 0:00:16 ago on Thu Oct  8 13:54:38 2026.
Package python3.11-tkinter-3.11.13-7.el8_10.x86_64 is already installed.
Dependencies resolved.
Nothing to do.
[32m[信息][0m     · dnf install python3.9
Last metadata expiration check: 0:00:18 ago on Thu Oct  8 13:54:38 2026.
Dependencies resolved.
=============================================================================================
 Package                     Arch    Version                                 Repo        Size
[32m[信息][0m     · dnf install python3.9-devel
Last metadata expiration check: 0:00:22 ago on Thu Oct  8 13:54:38 2026.
No match for argument: python3.9-devel
Error: Unable to find a match: python3.9-devel
[32m[信息][0m     · dnf install python3.9-tkinter
