附带文件（不按产物校验，跳过 2 个）：
    scrcpy-gui-zh-1.0.0-linux-glibc2.28-x86_64-full.tar.xz
    scrcpy-gui-zh-1.0.0-linux-glibc2.28-x86_64-full.txt

========================================================================
文件：scrcpy-gui-zh-1.0.0-linux-glibc2.28-x86_64-full
大小：2.0 MB（2069136 字节）
  格式：ELF   架构：x86_64（64 位）
  [OK]   架构与文件名一致（x86_64）
  形态：目录版（--onedir，解压即用）
  [OK]   目录版结构完整（_internal=有, PYZ=无, base_library=有）
  [OK]   目录内含 scrcpy
  [OK]   目录内含 adb
  [OK]   目录内含 scrcpy-server
  [OK]   目录内含 udev 安装脚本
  [OK]   依赖库 82 个（依赖收集生效）
  目录内库/可执行文件清单（82 个，最多列 24 个）：
        .libcrypto.so.1.1.hmac
        .libssl.so.1.1.hmac
        _bisect.cpython-311-x86_64-linux-gnu.so
        _blake2.cpython-311-x86_64-linux-gnu.so
        _bz2.cpython-311-x86_64-linux-gnu.so
        _codecs_cn.cpython-311-x86_64-linux-gnu.so
        _codecs_hk.cpython-311-x86_64-linux-gnu.so
        _codecs_iso2022.cpython-311-x86_64-linux-gnu.so
        _codecs_jp.cpython-311-x86_64-linux-gnu.so
        _codecs_kr.cpython-311-x86_64-linux-gnu.so
        _codecs_tw.cpython-311-x86_64-linux-gnu.so
        _contextvars.cpython-311-x86_64-linux-gnu.so
        _csv.cpython-311-x86_64-linux-gnu.so
        _ctypes.cpython-311-x86_64-linux-gnu.so
        _datetime.cpython-311-x86_64-linux-gnu.so
        _decimal.cpython-311-x86_64-linux-gnu.so
        _hashlib.cpython-311-x86_64-linux-gnu.so
        _heapq.cpython-311-x86_64-linux-gnu.so
        _lzma.cpython-311-x86_64-linux-gnu.so
        _multibytecodec.cpython-311-x86_64-linux-gnu.so
        _opcode.cpython-311-x86_64-linux-gnu.so
        _pickle.cpython-311-x86_64-linux-gnu.so
        _posixsubprocess.cpython-311-x86_64-linux-gnu.so
        _queue.cpython-311-x86_64-linux-gnu.so
  可执行文件：scrcpy-gui-zh-1.0.0-linux-glibc2.28-x86_64-full
  结论：通过
========================================================================
汇总：1 个产物，1 个通过，0 个不通过（另有 2 个附带文件已跳过）
